// Jest Snapshot v1, https://goo.gl/fbAQLP

exports[`Manage feeds should match snapshot 1`] = `
.c8 {
  margin: 0px;
  padding: 0px;
  font-size: 1.3rem;
}

.c9 {
  list-style: none;
  display: grid;
  grid-template-columns: 6fr 2fr 4fr 4fr 1fr;
  grid-gap: 5px;
  -webkit-align-items: center;
  -webkit-box-align: center;
  -ms-flex-align: center;
  align-items: center;
  padding: 0.4rem 0;
}

.c9:hover:not(:first-of-type) {
  outline: rgba(115,40,109,0.1) 1px solid;
  background-color: rgba(115,40,109,0.1);
}

.c12 {
  min-width: 10rem;
  word-break: break-all;
}

.c13 {
  min-width: 8rem;
  word-break: break-all;
}

.c10 {
  font-size: 1.5rem;
  font-weight: bold;
  min-width: 10rem;
}

.c11 {
  font-size: 1.5rem;
  font-weight: bold;
  min-width: 8rem;
}

.c14 {
  border: none;
  padding: 0;
  background: none;
  text-align: center;
  -webkit-appearance: none;
  -moz-appearance: none;
  -webkit-appearance: none;
  -moz-appearance: none;
  appearance: none;
  margin: 0 0.5rem 0 0;
}

.c14:focus,
.c14:hover {
  -webkit-transform: scale(1.10);
  -ms-transform: scale(1.10);
  transform: scale(1.10);
}

.c14:focus:hover {
  outline: none;
}

.c14:active {
  -webkit-transform: scale(0.95);
  -ms-transform: scale(0.95);
  transform: scale(0.95);
}

.c14 svg {
  width: 1.5rem;
  height: 1.5rem;
}

.c6 {
  padding: 0 2rem 1rem;
}

.c7 {
  font-size: 1.8rem;
}

.c15 {
  background-color: hsl(0,0%,60%);
  color: white;
  padding: 0.6rem 1rem;
  border: none;
  text-align: center;
  text-transform: uppercase;
  border-radius: 5px;
  min-width: 7rem;
  font-size: 1.3rem;
  -webkit-user-select: none;
  -moz-user-select: none;
  -ms-user-select: none;
  user-select: none;
  background-color: hsl(200,100%,40%);
  margin-top: 1rem;
}

.c15:focus,
.c15:hover {
  background-color: hsl(0,0%,45%);
}

.c15:active {
  color: hsl(0,0%,90%);
}

.c15:focus,
.c15:hover {
  background-color: hsl(200,100%,30%);
}

.c15:active {
  color: hsl(200,100%,60%);
}

.c2 {
  display: -webkit-inline-box;
  display: -webkit-inline-flex;
  display: -ms-inline-flexbox;
  display: inline-flex;
  -webkit-align-items: center;
  -webkit-box-align: center;
  -ms-flex-align: center;
  align-items: center;
  border-radius: 10px;
  background-color: rgba(255,255,255,0.66);
  padding: 0.2rem 1rem;
  color: inherit;
  -webkit-text-decoration: none;
  text-decoration: none;
}

.c3 {
  width: 2.5rem;
  height: 2.5rem;
  margin-right: 1rem;
}

.c4 {
  font-weight: bold;
  font-size: 1.8rem;
  margin-right: 1rem;
}

.c5 {
  color: dimgray;
  font-size: 1.2rem;
}

.c17 {
  display: -webkit-box;
  display: -webkit-flex;
  display: -ms-flexbox;
  display: flex;
  -webkit-flex-direction: column;
  -ms-flex-direction: column;
  flex-direction: column;
  margin-bottom: 0.5rem;
}

.c18 {
  display: inline-block;
  font-size: 1.3rem;
  color: #b2b2b2;
  text-align: center;
  margin-top: 0.5rem;
}

.c18 > span {
  margin-right: 0.5rem;
  vertical-align: middle;
}

.c18 svg {
  vertical-align: middle;
}

.c18 a:active,
.c18 a:visited,
.c18 a:link,
.c18 a {
  -webkit-text-decoration: none;
  text-decoration: none;
  color: inherit;
}

.c18 a:hover {
  color: #dddddd;
}

.c0 {
  display: -webkit-box;
  display: -webkit-flex;
  display: -ms-flexbox;
  display: flex;
  -webkit-flex-direction: column;
  -ms-flex-direction: column;
  flex-direction: column;
  min-height: 100vh;
  padding: 1rem;
}

.c1 {
  display: -webkit-box;
  display: -webkit-flex;
  display: -ms-flexbox;
  display: flex;
  -webkit-box-flex: 1;
  -webkit-flex-grow: 1;
  -ms-flex-positive: 1;
  flex-grow: 1;
  -webkit-flex-direction: column;
  -ms-flex-direction: column;
  flex-direction: column;
  -webkit-align-self: center;
  -ms-flex-item-align: center;
  align-self: center;
}

.c16 {
  -webkit-flex: 1 0 1rem;
  -ms-flex: 1 0 1rem;
  flex: 1 0 1rem;
}

@media all and (max-width:37em) {
  .c9 {
    grid-template-columns: 1fr;
    padding: 1rem 0;
  }

  .c9:nth-child(2n+1):not(:first-of-type):not(:hover) {
    background-color: rgba(115,40,109,0.03);
  }
}

@media all and (max-width:37em) {
  .c12 {
    display: grid;
    grid-template-columns: 40% 1fr;
    grid-gap: 5px;
  }

  .c12:before {
    content: attr(data-name);
    font-size: 1.5rem;
    font-weight: bold;
  }
}

@media all and (max-width:37em) {
  .c13 {
    display: grid;
    grid-template-columns: 40% 1fr;
    grid-gap: 5px;
  }

  .c13:before {
    content: attr(data-name);
    font-size: 1.5rem;
    font-weight: bold;
  }
}

@media all and (max-width:37em) {
  .c10 {
    display: none;
  }
}

@media all and (max-width:37em) {
  .c11 {
    display: none;
  }
}

<div
  class="c0"
>
  <div
    class="c1"
  >
    <a
      class="c2"
      href="/"
    >
      <img
        alt="Logo"
        class="c3"
        src="/static/icon-black.png"
      />
      <div>
        <span
          class="c4"
        >
          FeedMailu
        </span>
        <span
          class="c5"
        >
          feed to email aggregator
        </span>
      </div>
    </a>
    <main
      class="c6"
    >
      <h1
        class="c7"
      >
        Edit subscriptions
      </h1>
      <ul
        class="c8"
      >
        <li
          class="c9"
        >
          <div
            class="c10"
          >
            FEED
          </div>
          <div
            class="c11"
          >
            ADDED
          </div>
          <div
            class="c10"
          >
            LAST DIGEST DATE
          </div>
          <div
            class="c10"
          >
            DIGEST SCHEDULE
          </div>
          <div
            class="c11"
          >
            ACTIONS
          </div>
        </li>
        <li
          class="c9"
        >
          <div
            class="c12"
            data-name="FEED"
          >
            <a
              href="/feeds/view?id=id1"
              title="View items"
            >
              Test Feed Title
            </a>
          </div>
          <div
            class="c13"
            data-name="ADDED"
          >
            <span />
          </div>
          <div
            class="c12"
            data-name="LAST DIGEST DATE"
          >
            <span />
          </div>
          <div
            class="c12"
            data-name="DIGEST SCHEDULE"
          >
            Daily digest
          </div>
          <div
            class="c13"
            data-name="ACTIONS"
          >
            <div>
              <button
                class="c14"
                title="Edit the feed"
                type="button"
              >
                <svg
                  data-file-name="SvgEdit"
                />
              </button>
              <button
                class="c14"
                title="Delete the feed"
                type="button"
              >
                <svg
                  data-file-name="SvgTrash"
                />
              </button>
            </div>
          </div>
        </li>
      </ul>
      <button
        class="c15"
        type="button"
      >
        Add new feed
      </button>
    </main>
    <div
      class="c16"
    />
    <footer
      class="c17"
    >
      <div
        class="c18"
      >
        <span>
          <a
            href="/help"
          >
            Help
          </a>
        </span>
        <span>
          <a
            href="mailto:support@feedmailu.com"
          >
            Contact
          </a>
        </span>
      </div>
      <div
        class="c18"
      >
        <span>
          2019
        </span>
        <span>
          <a
            href="https://github.com/flytaly/"
          >
            <span>
              Vitaly Yerofeyevsky
            </span>
          </a>
        </span>
      </div>
    </footer>
  </div>
</div>
`;
