// Jest Snapshot v1, https://goo.gl/fbAQLP

exports[`Snapshot should match snapshot 1`] = `
.c6 {
  position: relative;
  display: -webkit-box;
  display: -webkit-flex;
  display: -ms-flexbox;
  display: flex;
  -webkit-flex-wrap: wrap;
  -ms-flex-wrap: wrap;
  flex-wrap: wrap;
  -webkit-box-pack: center;
  -webkit-justify-content: center;
  -ms-flex-pack: center;
  justify-content: center;
  background: #FFFFFF;
  color: #000000;
  width: 72rem;
  min-width: 36rem;
  max-width: calc(100vw - 2rem);
  min-height: 40rem;
  margin: 1rem auto;
  border-radius: 10px;
  background: rgba(255,255,255,0.88);
}

.c6:before {
  content: " ";
  position: absolute;
  border-radius: 10px;
  top: 0;
  left: 0;
  width: 100%;
  height: 100%;
  z-index: -1;
  background: url(/static/background_01.jpg) #FFFFFF;
}

.c7 {
  display: -webkit-box;
  display: -webkit-flex;
  display: -ms-flexbox;
  display: flex;
  -webkit-flex: 1 0 auto;
  -ms-flex: 1 0 auto;
  flex: 1 0 auto;
  -webkit-flex-direction: column;
  -ms-flex-direction: column;
  flex-direction: column;
  width: 50%;
  min-width: 36rem;
  max-width: calc(100vw - 2rem);
  padding: 1rem 3rem;
}

.c10 {
  display: -webkit-box;
  display: -webkit-flex;
  display: -ms-flexbox;
  display: flex;
  -webkit-flex: 1 0 auto;
  -ms-flex: 1 0 auto;
  flex: 1 0 auto;
  -webkit-flex-direction: column;
  -ms-flex-direction: column;
  flex-direction: column;
  width: 50%;
  min-width: 36rem;
  max-width: calc(100vw - 2rem);
  padding: 1rem 3rem;
  background: rgba(90%,90%,90%,60%);
  border: 1px solid #707070;
  border-radius: 10px;
}

.c8 {
  display: -webkit-box;
  display: -webkit-flex;
  display: -ms-flexbox;
  display: flex;
  -webkit-align-items: center;
  -webkit-box-align: center;
  -ms-flex-align: center;
  align-items: center;
  font-size: 1.6rem;
  box-shadow: 0rem 5px 10px 0px rgba(0,0,0,0.25);
  border-radius: 5px;
  padding: 1rem;
  margin: 1rem 0;
  will-change: transform,opacity;
}

.c8:hover {
  box-shadow: 0rem 5px 10px 0px rgba(0,0,0,0.35);
}

.c8 svg {
  height: 1.6em;
  width: 1.6em;
  min-width: 1.6em;
  margin-right: 1rem;
}

.c9 {
  background-color: #707070;
  height: 100%;
  min-width: 3px;
  margin-right: 1rem;
  border-radius: 10px;
}

.c18 {
  width: 100%;
  padding: 1rem 0;
  margin-top: 1rem;
  background-color: #ac247d;
  color: #FFFFFF;
  border-radius: 20px;
  border: 1px solid #ac247d;
  font-size: 2rem;
  cursor: pointer;
}

.c18:disabled,
.c18 [disabled] {
  background-color: #ae7f9e;
  cursor: default;
}

.c18:focus,
.c18:hover:not(:disabled) {
  outline: none;
  box-shadow: 0 0 1.5rem #ac247d;
}

.c18:active:not(:disabled) {
  -webkit-transform: scale(0.96);
  -ms-transform: scale(0.96);
  transform: scale(0.96);
}

.c14 {
  position: relative;
  display: -webkit-box;
  display: -webkit-flex;
  display: -ms-flexbox;
  display: flex;
  -webkit-align-items: center;
  -webkit-box-align: center;
  -ms-flex-align: center;
  align-items: center;
  width: 100%;
  height: 4.5rem;
  max-width: 100%;
  padding: 1rem;
  margin-bottom: 2.8rem;
  background-color: #e6e6e6;
  border: 1px solid #707070;
  border-radius: 30px;
}

.c14:hover {
  border-width: 2px;
}

.c14 svg {
  fill: #455765;
}

.c15 {
  width: 2rem;
  height: 2rem;
}

.c16 {
  -moz-appearance: none;
  -webkit-appearance: none;
  -webkit-appearance: none;
  -moz-appearance: none;
  appearance: none;
  -webkit-flex: 1 0 auto;
  -ms-flex: 1 0 auto;
  flex: 1 0 auto;
  margin-left: 0.5rem;
  height: 100%;
  font-size: 1.6rem;
  border: none;
  outline: none;
  box-shadow: none;
  background-color: #e6e6e6;
}

.c17 {
  -moz-appearance: none;
  -webkit-appearance: none;
  -webkit-appearance: none;
  -moz-appearance: none;
  appearance: none;
  -webkit-flex: 1 0 auto;
  -ms-flex: 1 0 auto;
  flex: 1 0 auto;
  margin-left: 0.5rem;
  height: 100%;
  font-size: 1.6rem;
  border: none;
  outline: none;
  box-shadow: none;
  background: url(data:image/svg+xml;base64,PHN2ZyBpZD0iTGF5ZXJfMSIgZGF0YS1uYW1lPSJMYXllciAxIiB4bWxucz0iaHR0cDovL3d3dy53My5vcmcvMjAwMC9zdmciIHZpZXdCb3g9IjAgMCA0Ljk1IDEwIj48ZGVmcz48c3R5bGU+LmNscy0ye2ZpbGw6IzQ0NDt9PC9zdHlsZT48L2RlZnM+PHRpdGxlPmFycm93czwvdGl0bGU+PHBvbHlnb24gY2xhc3M9ImNscy0yIiBwb2ludHM9IjEuNDEgNC42NyAyLjQ4IDMuMTggMy41NCA0LjY3IDEuNDEgNC42NyIvPjxwb2x5Z29uIGNsYXNzPSJjbHMtMiIgcG9pbnRzPSIzLjU0IDUuMzMgMi40OCA2LjgyIDEuNDEgNS4zMyAzLjU0IDUuMzMiLz48L3N2Zz4=) 100% 50% / 1.6rem no-repeat;
  cursor: pointer;
  background-color: #e6e6e6;
}

.c12 {
  -webkit-align-self: center;
  -ms-flex-item-align: center;
  align-self: center;
  display: -webkit-box;
  display: -webkit-flex;
  display: -ms-flexbox;
  display: flex;
  -webkit-flex: 1;
  -ms-flex: 1;
  flex: 1;
  -webkit-flex-direction: column;
  -ms-flex-direction: column;
  flex-direction: column;
  -webkit-box-pack: center;
  -webkit-justify-content: center;
  -ms-flex-pack: center;
  justify-content: center;
  width: 30rem;
}

.c13 {
  -webkit-align-self: center;
  -ms-flex-item-align: center;
  align-self: center;
}

.c11 {
  display: -webkit-box;
  display: -webkit-flex;
  display: -ms-flexbox;
  display: flex;
  font-size: 1.3rem;
  list-style: none;
  margin: 0;
  padding: 0;
  -webkit-align-self: flex-end;
  -ms-flex-item-align: end;
  align-self: flex-end;
}

.c11 li {
  margin-left: 1rem;
}

.c2 {
  display: -webkit-inline-box;
  display: -webkit-inline-flex;
  display: -ms-inline-flexbox;
  display: inline-flex;
  -webkit-align-items: center;
  -webkit-box-align: center;
  -ms-flex-align: center;
  align-items: center;
  border-radius: 10px;
  background-color: rgba(255,255,255,0.66);
  padding: 0.2rem 1rem;
  color: inherit;
  -webkit-text-decoration: none;
  text-decoration: none;
}

.c3 {
  width: 2.5rem;
  height: 2.5rem;
  margin-right: 1rem;
}

.c4 {
  font-weight: bold;
  font-size: 1.8rem;
  margin-right: 1rem;
}

.c5 {
  color: dimgray;
  font-size: 1.2rem;
}

.c20 {
  display: -webkit-box;
  display: -webkit-flex;
  display: -ms-flexbox;
  display: flex;
  -webkit-flex-direction: column;
  -ms-flex-direction: column;
  flex-direction: column;
  margin-bottom: 0.5rem;
}

.c21 {
  display: inline-block;
  font-size: 1.3rem;
  color: #b2b2b2;
  text-align: center;
  margin-top: 0.5rem;
}

.c21 > span {
  margin-right: 0.5rem;
  vertical-align: middle;
}

.c21 svg {
  vertical-align: middle;
}

.c21 a:active,
.c21 a:visited,
.c21 a:link,
.c21 a {
  -webkit-text-decoration: none;
  text-decoration: none;
  color: inherit;
}

.c21 a:hover {
  color: #dddddd;
}

.c0 {
  display: -webkit-box;
  display: -webkit-flex;
  display: -ms-flexbox;
  display: flex;
  -webkit-flex-direction: column;
  -ms-flex-direction: column;
  flex-direction: column;
  min-height: 100vh;
  padding: 1rem;
}

.c1 {
  display: -webkit-box;
  display: -webkit-flex;
  display: -ms-flexbox;
  display: flex;
  -webkit-box-flex: 1;
  -webkit-flex-grow: 1;
  -ms-flex-positive: 1;
  flex-grow: 1;
  -webkit-flex-direction: column;
  -ms-flex-direction: column;
  flex-direction: column;
  -webkit-align-self: center;
  -ms-flex-item-align: center;
  align-self: center;
}

.c19 {
  -webkit-flex: 1 0 1rem;
  -ms-flex: 1 0 1rem;
  flex: 1 0 1rem;
}

<div
  class="c0"
>
  <div
    class="c1"
  >
    <a
      class="c2"
      href="/"
    >
      <img
        alt="Logo"
        class="c3"
        src="/static/icon-black.png"
      />
      <div>
        <span
          class="c4"
        >
          FeedMailu
        </span>
        <span
          class="c5"
        >
          feed to email aggregator
        </span>
      </div>
    </a>
    <div
      class="c6"
    >
      <div
        class="c7"
      >
        <div
          class="c8"
          style="transform: translate3d(0, 100%, 0); opacity: 0;"
        >
          <div
            class="c9"
          />
          FeedMailu aggregates RSS or Atom feeds into digests and send them to you via email
        </div>
        <div
          class="c8"
          style="transform: translate3d(0, 100%, 0); opacity: 0;"
        >
          <div
            class="c9"
          />
          To start receiving digests just enter an address of desired feed, email and digest period
        </div>
      </div>
      <div
        class="c10"
      >
        <ul
          class="c11"
          data-testid="card-header"
        >
          <li>
            <a
              href="/"
            >
              Add new feed
            </a>
          </li>
          <li>
            <a
              href="/login"
            >
              Log in
            </a>
          </li>
        </ul>
        <form
          class="c12"
        >
          <h2
            class="c13"
          >
            Add a feed
          </h2>
          <label
            class="c14"
            title="The RSS or Atom feed url"
          >
            <div
              class="c15"
            >
              <svg
                data-file-name="SvgRssSquare"
                style="width: 100%; height: 100%;"
              />
            </div>
            <input
              aria-label="The RSS or Atom feed url"
              class="c16"
              id="url"
              placeholder="http://..."
              required=""
              title="The RSS or Atom feed url"
              type="url"
              value="http://"
            />
          </label>
          <label
            class="c14"
            title="Email address"
          >
            <div
              class="c15"
            >
              <svg
                data-file-name="SvgEnvelope"
                style="width: 100%; height: 100%;"
              />
            </div>
            <input
              aria-label="Email address"
              class="c16"
              id="email"
              placeholder="Email"
              required=""
              title="Email address"
              type="email"
              value=""
            />
          </label>
          <label
            class="c14"
            title="Select a digest period"
          >
            <div
              class="c15"
            >
              <svg
                data-file-name="SvgClock"
                style="width: 100%; height: 100%;"
              />
            </div>
            <select
              aria-label="Select a digest period"
              class="c17"
              id="period"
              title="Select a digest period"
            >
              <option
                value="EVERYHOUR"
              >
                Hourly digest
              </option>
              <option
                value="EVERY2HOURS"
              >
                2-hourly digest
              </option>
              <option
                value="EVERY3HOURS"
              >
                3-hourly digest
              </option>
              <option
                value="EVERY6HOURS"
              >
                6-hourly digest
              </option>
              <option
                value="EVERY12HOURS"
              >
                12-hourly digest
              </option>
              <option
                selected=""
                value="DAILY"
              >
                Daily digest
              </option>
            </select>
          </label>
          <button
            class="c18"
            type="submit"
          >
            SUBSCRIBE
          </button>
        </form>
      </div>
    </div>
    <div
      class="c19"
    />
    <footer
      class="c20"
    >
      <div
        class="c21"
      >
        <span>
          <a
            href="/help"
          >
            Help
          </a>
        </span>
        <span>
          <a
            href="mailto:support@feedmailu.com"
          >
            Contact
          </a>
        </span>
      </div>
      <div
        class="c21"
      >
        <span>
          2019
        </span>
        <span>
          <a
            href="https://github.com/flytaly/"
          >
            <span>
              Vitaly Yerofeyevsky
            </span>
          </a>
        </span>
      </div>
    </footer>
  </div>
</div>
`;
