// Jest Snapshot v1, https://goo.gl/fbAQLP

exports[`Snapshot should match snapshot 1`] = `
.c0 {
  display: -webkit-box;
  display: -webkit-flex;
  display: -ms-flexbox;
  display: flex;
  -webkit-flex-wrap: wrap;
  -ms-flex-wrap: wrap;
  flex-wrap: wrap;
  -webkit-box-pack: center;
  -webkit-justify-content: center;
  -ms-flex-pack: center;
  justify-content: center;
  background: #FFFFFF;
  color: #000000;
  width: 72rem;
  min-width: 36rem;
  max-width: calc(100vw - 2rem);
  min-height: 20rem;
  margin: 2rem auto;
  border-radius: 10px;
}

.c1 {
  display: -webkit-box;
  display: -webkit-flex;
  display: -ms-flexbox;
  display: flex;
  -webkit-flex: 1 0 auto;
  -ms-flex: 1 0 auto;
  flex: 1 0 auto;
  -webkit-flex-direction: column;
  -ms-flex-direction: column;
  flex-direction: column;
  width: 50%;
  min-width: 36rem;
  max-width: calc(100vw - 2rem);
  padding: 1rem 3rem;
}

.c2 {
  display: -webkit-box;
  display: -webkit-flex;
  display: -ms-flexbox;
  display: flex;
  -webkit-flex: 1 0 auto;
  -ms-flex: 1 0 auto;
  flex: 1 0 auto;
  -webkit-flex-direction: column;
  -ms-flex-direction: column;
  flex-direction: column;
  width: 50%;
  min-width: 36rem;
  max-width: calc(100vw - 2rem);
  padding: 1rem 3rem;
  background: #f5f5f5;
  border: 1px solid #707070;
  border-radius: 10px;
}

.c10 {
  width: 100%;
  padding: 1rem 0;
  margin-top: 1rem;
  background-color: #ac247d;
  color: #FFFFFF;
  border-radius: 20px;
  font-size: 2rem;
  cursor: pointer;
}

.c10:disabled,
.c10 [disabled] {
  background-color: #ae7f9e;
  cursor: default;
}

.c10:focus,
.c10:hover:not(:disabled) {
  outline: none;
  border: 1px solid #ac247d;
  box-shadow: 0 0 1.5rem #ac247d;
}

.c10:active:not(:disabled) {
  -webkit-transform: scale(0.96);
  -ms-transform: scale(0.96);
  transform: scale(0.96);
}

.c6 {
  position: relative;
  display: -webkit-box;
  display: -webkit-flex;
  display: -ms-flexbox;
  display: flex;
  -webkit-align-items: center;
  -webkit-box-align: center;
  -ms-flex-align: center;
  align-items: center;
  width: 100%;
  height: 4.5rem;
  max-width: 100%;
  padding: 1rem;
  margin-bottom: 2.8rem;
  background-color: #e6e6e6;
  border: 1px solid #707070;
  border-radius: 30px;
}

.c6:hover {
  border-width: 2px;
}

.c7 {
  width: 2rem;
  height: 2rem;
}

.c8 {
  -moz-appearance: none;
  -webkit-appearance: none;
  -webkit-appearance: none;
  -moz-appearance: none;
  appearance: none;
  -webkit-flex: 1 0 auto;
  -ms-flex: 1 0 auto;
  flex: 1 0 auto;
  margin-left: 0.5rem;
  height: 100%;
  font-size: 1.6rem;
  border: none;
  outline: none;
  box-shadow: none;
  background-color: #e6e6e6;
}

.c9 {
  -moz-appearance: none;
  -webkit-appearance: none;
  -webkit-appearance: none;
  -moz-appearance: none;
  appearance: none;
  -webkit-flex: 1 0 auto;
  -ms-flex: 1 0 auto;
  flex: 1 0 auto;
  margin-left: 0.5rem;
  height: 100%;
  font-size: 1.6rem;
  border: none;
  outline: none;
  box-shadow: none;
  background: url(data:image/svg+xml;base64,PHN2ZyBpZD0iTGF5ZXJfMSIgZGF0YS1uYW1lPSJMYXllciAxIiB4bWxucz0iaHR0cDovL3d3dy53My5vcmcvMjAwMC9zdmciIHZpZXdCb3g9IjAgMCA0Ljk1IDEwIj48ZGVmcz48c3R5bGU+LmNscy0ye2ZpbGw6IzQ0NDt9PC9zdHlsZT48L2RlZnM+PHRpdGxlPmFycm93czwvdGl0bGU+PHBvbHlnb24gY2xhc3M9ImNscy0yIiBwb2ludHM9IjEuNDEgNC42NyAyLjQ4IDMuMTggMy41NCA0LjY3IDEuNDEgNC42NyIvPjxwb2x5Z29uIGNsYXNzPSJjbHMtMiIgcG9pbnRzPSIzLjU0IDUuMzMgMi40OCA2LjgyIDEuNDEgNS4zMyAzLjU0IDUuMzMiLz48L3N2Zz4=) 100% 50% / 1.6rem no-repeat;
  cursor: pointer;
  background-color: #e6e6e6;
}

.c4 {
  -webkit-align-self: center;
  -ms-flex-item-align: center;
  align-self: center;
  display: -webkit-box;
  display: -webkit-flex;
  display: -ms-flexbox;
  display: flex;
  -webkit-flex-direction: column;
  -ms-flex-direction: column;
  flex-direction: column;
  width: 30rem;
}

.c5 {
  -webkit-align-self: center;
  -ms-flex-item-align: center;
  align-self: center;
}

.c3 {
  display: -webkit-box;
  display: -webkit-flex;
  display: -ms-flexbox;
  display: flex;
  font-size: 1.3rem;
  list-style: none;
  margin: 0;
  padding: 0;
  -webkit-align-self: flex-end;
  -ms-flex-item-align: end;
  align-self: flex-end;
}

.c3 li {
  margin-left: 1rem;
}

<div
  class="c0"
>
  <div
    class="c1"
  >
    <p>
      Enter address of a feed (rss, atom) and your email to receive updates every chosen period.
    </p>
    
  </div>
  <div
    class="c2"
  >
    <ul
      class="c3"
      data-testid="card-header"
    >
      <li>
        <a
          href="/"
        >
          Add new feed
        </a>
      </li>
      <li>
        <a
          href="/login"
        >
          Log in
        </a>
      </li>
    </ul>
    <form
      class="c4"
    >
      <h2
        class="c5"
      >
        Add a feed
      </h2>
      <label
        class="c6"
        title="The RSS or Atom feed url"
      >
        <img
          alt="url"
          class="c7"
          src="/static/rss-square.svg"
        />
        <input
          aria-label="The RSS or Atom feed url"
          class="c8"
          id="url"
          name="url"
          placeholder="http://..."
          required=""
          title="The RSS or Atom feed url"
          type="url"
          value="http://"
        />
      </label>
      <label
        class="c6"
        title="Email address"
      >
        <img
          alt="email"
          class="c7"
          src="/static/envelope.svg"
        />
        <input
          aria-label="Email address"
          class="c8"
          id="email"
          name="email"
          placeholder="Email"
          required=""
          title="Email address"
          type="email"
          value=""
        />
      </label>
      <label
        class="c6"
        title="Select a digest period"
      >
        <img
          alt="period"
          class="c7"
          src="/static/clock.svg"
        />
        <select
          aria-label="Select a digest period"
          class="c9"
          id="period"
          name="period"
          title="Select a digest period"
        >
          <option
            value="EVERYHOUR"
          >
            1 hour digest
          </option>
          <option
            value="EVERY2HOURS"
          >
            2 hours digest
          </option>
          <option
            value="EVERY3HOURS"
          >
            3 hours digest
          </option>
          <option
            value="EVERY6HOURS"
          >
            6 hours digest
          </option>
          <option
            value="EVERY12HOURS"
          >
            12 hours digest
          </option>
          <option
            selected=""
            value="DAILY"
          >
            Daily digest
          </option>
        </select>
      </label>
      <button
        class="c10"
        type="submit"
      >
        SUBSCRIBE
      </button>
    </form>
  </div>
</div>
`;
